EFFFFFFFFFFFFFFFFF.....................                                  [100%]
=================================== ERRORS ====================================
__________________ ERROR at setup of test_dispatcher_timeout __________________
file D:\New Start\endpoint-sentinel-x\backend\tests\services\test_dispatcher.py, line 24
  @pytest.mark.asyncio
  async def test_dispatcher_timeout(db_session):
      """Verify timeout processing transitions SENT commands to TIMEOUT if threshold passed."""

      # Create an old command
      cmd_id = uuid.uuid4()
      old_command = Command(
          id=cmd_id,
          endpoint_id=uuid.uuid4(),
          command_type="ping",
          status=CommandStatus.SENT,
          created_at=datetime.now(UTC) - timedelta(hours=1),
          updated_at=datetime.now(UTC) - timedelta(hours=1)
      )
      db_session.add(old_command)
      await db_session.commit()

      mock_ws = MockConnectionManager()

      # We pass a simple async function generator mock for db_session_factory
      from contextlib import asynccontextmanager
      @asynccontextmanager
      async def mock_session_factory():
          yield db_session

      dispatcher = CommandDispatcher(mock_session_factory, mock_ws, command_timeout_seconds=60)

      # Execute timeout logic
      await dispatcher._process_timeouts()

      # Refresh command
      await db_session.refresh(old_command)

      assert old_command.status == CommandStatus.TIMEOUT
      assert "Command timed out" in old_command.error
E       fixture 'db_session' not found
>       available fixtures: _asyncio_loop_factory, _class_scoped_runner, _function_scoped_runner, _module_scoped_runner, _package_scoped_runner, _session_scoped_runner, anyio_backend, anyio_backend_name, anyio_backend_options, cache, capfd, capfdbinary, caplog, capsys, capsysbinary, capteesys, cleanup_db, client, doctest_namespace, event_loop, event_loop_policy, free_tcp_port, free_tcp_port_factory, free_udp_port, free_udp_port_factory, monkeypatch, pytestconfig, record_property, record_testsuite_property, record_xml_attribute, recwarn, subtests, tmp_path, tmp_path_factory, tmpdir, tmpdir_factory, unused_tcp_port, unused_tcp_port_factory, unused_udp_port, unused_udp_port_factory
>       use 'pytest --fixtures [testpath]' for help on them.

D:\New Start\endpoint-sentinel-x\backend\tests\services\test_dispatcher.py:24
---------------------------- Captured stdout setup ----------------------------
Using proactor: IocpProactor
----------------------------- Captured log setup ------------------------------
DEBUG    asyncio:proactor_events.py:633 Using proactor: IocpProactor
================================== FAILURES ===================================
_______________________ test_agent_registration_success _______________________
tests\test_agent_api.py:102: in test_agent_registration_success
    assert response.status_code == 201
E   assert 404 == 201
E    +  where 404 = <Response [404 Not Found]>.status_code
---------------------------- Captured stdout setup ----------------------------
Using proactor: IocpProactor
----------------------------- Captured log setup ------------------------------
DEBUG    asyncio:proactor_events.py:633 Using proactor: IocpProactor
---------------------------- Captured stdout call -----------------------------
HTTP Request: POST http://testserver/api/v1/agent/register "HTTP/1.1 404 Not Found"
------------------------------ Captured log call ------------------------------
INFO     httpx:_client.py:1740 HTTP Request: POST http://testserver/api/v1/agent/register "HTTP/1.1 404 Not Found"
____________________ test_agent_registration_expired_token ____________________
tests\test_agent_api.py:129: in test_agent_registration_expired_token
    assert response.status_code == 400
E   assert 404 == 400
E    +  where 404 = <Response [404 Not Found]>.status_code
---------------------------- Captured stdout setup ----------------------------
Using proactor: IocpProactor
----------------------------- Captured log setup ------------------------------
DEBUG    asyncio:proactor_events.py:633 Using proactor: IocpProactor
---------------------------- Captured stdout call -----------------------------
HTTP Request: POST http://testserver/api/v1/agent/register "HTTP/1.1 404 Not Found"
------------------------------ Captured log call ------------------------------
INFO     httpx:_client.py:1740 HTTP Request: POST http://testserver/api/v1/agent/register "HTTP/1.1 404 Not Found"
___________________ test_agent_registration_exhausted_token ___________________
tests\test_agent_api.py:153: in test_agent_registration_exhausted_token
    assert response.status_code == 400
E   assert 404 == 400
E    +  where 404 = <Response [404 Not Found]>.status_code
---------------------------- Captured stdout setup ----------------------------
Using proactor: IocpProactor
----------------------------- Captured log setup ------------------------------
DEBUG    asyncio:proactor_events.py:633 Using proactor: IocpProactor
---------------------------- Captured stdout call -----------------------------
HTTP Request: POST http://testserver/api/v1/agent/register "HTTP/1.1 404 Not Found"
------------------------------ Captured log call ------------------------------
INFO     httpx:_client.py:1740 HTTP Request: POST http://testserver/api/v1/agent/register "HTTP/1.1 404 Not Found"
_________________ test_agent_registration_duplicate_hardware __________________
tests\test_agent_api.py:174: in test_agent_registration_duplicate_hardware
    assert response.status_code == 409
E   assert 404 == 409
E    +  where 404 = <Response [404 Not Found]>.status_code
---------------------------- Captured stdout setup ----------------------------
Using proactor: IocpProactor
----------------------------- Captured log setup ------------------------------
DEBUG    asyncio:proactor_events.py:633 Using proactor: IocpProactor
---------------------------- Captured stdout call -----------------------------
HTTP Request: POST http://testserver/api/v1/agent/register "HTTP/1.1 404 Not Found"
------------------------------ Captured log call ------------------------------
INFO     httpx:_client.py:1740 HTTP Request: POST http://testserver/api/v1/agent/register "HTTP/1.1 404 Not Found"
________________________ test_agent_heartbeat_success _________________________
tests\test_agent_api.py:193: in test_agent_heartbeat_success
    assert response.status_code == 200
E   assert 404 == 200
E    +  where 404 = <Response [404 Not Found]>.status_code
---------------------------- Captured stdout setup ----------------------------
Using proactor: IocpProactor
----------------------------- Captured log setup ------------------------------
DEBUG    asyncio:proactor_events.py:633 Using proactor: IocpProactor
---------------------------- Captured stdout call -----------------------------
HTTP Request: POST http://testserver/api/v1/agent/heartbeat "HTTP/1.1 404 Not Found"
------------------------------ Captured log call ------------------------------
INFO     httpx:_client.py:1740 HTTP Request: POST http://testserver/api/v1/agent/heartbeat "HTTP/1.1 404 Not Found"
______________________ test_agent_heartbeat_unauthorized ______________________
tests\test_agent_api.py:217: in test_agent_heartbeat_unauthorized
    assert response.status_code == 401
E   assert 404 == 401
E    +  where 404 = <Response [404 Not Found]>.status_code
---------------------------- Captured stdout setup ----------------------------
Using proactor: IocpProactor
----------------------------- Captured log setup ------------------------------
DEBUG    asyncio:proactor_events.py:633 Using proactor: IocpProactor
---------------------------- Captured stdout call -----------------------------
HTTP Request: POST http://testserver/api/v1/agent/heartbeat "HTTP/1.1 404 Not Found"
------------------------------ Captured log call ------------------------------
INFO     httpx:_client.py:1740 HTTP Request: POST http://testserver/api/v1/agent/heartbeat "HTTP/1.1 404 Not Found"
______________________ test_agent_rotate_secret_success _______________________
tests\test_agent_api.py:232: in test_agent_rotate_secret_success
    assert response.status_code == 200
E   assert 404 == 200
E    +  where 404 = <Response [404 Not Found]>.status_code
---------------------------- Captured stdout setup ----------------------------
Using proactor: IocpProactor
----------------------------- Captured log setup ------------------------------
DEBUG    asyncio:proactor_events.py:633 Using proactor: IocpProactor
---------------------------- Captured stdout call -----------------------------
HTTP Request: POST http://testserver/api/v1/agent/rotate-secret "HTTP/1.1 404 Not Found"
------------------------------ Captured log call ------------------------------
INFO     httpx:_client.py:1740 HTTP Request: POST http://testserver/api/v1/agent/rotate-secret "HTTP/1.1 404 Not Found"
____________________________ test_get_agent_config ____________________________
tests\test_agent_api.py:268: in test_get_agent_config
    assert response.status_code == 200
E   assert 404 == 200
E    +  where 404 = <Response [404 Not Found]>.status_code
---------------------------- Captured stdout setup ----------------------------
Using proactor: IocpProactor
----------------------------- Captured log setup ------------------------------
DEBUG    asyncio:proactor_events.py:633 Using proactor: IocpProactor
---------------------------- Captured stdout call -----------------------------
HTTP Request: GET http://testserver/api/v1/agent/config "HTTP/1.1 404 Not Found"
------------------------------ Captured log call ------------------------------
INFO     httpx:_client.py:1740 HTTP Request: GET http://testserver/api/v1/agent/config "HTTP/1.1 404 Not Found"
_____________________ test_decommissioned_agent_rejection _____________________
tests\test_agent_api.py:293: in test_decommissioned_agent_rejection
    assert response.status_code == 403
E   assert 404 == 403
E    +  where 404 = <Response [404 Not Found]>.status_code
---------------------------- Captured stdout setup ----------------------------
Using proactor: IocpProactor
----------------------------- Captured log setup ------------------------------
DEBUG    asyncio:proactor_events.py:633 Using proactor: IocpProactor
---------------------------- Captured stdout call -----------------------------
HTTP Request: POST http://testserver/api/v1/agent/heartbeat "HTTP/1.1 404 Not Found"
------------------------------ Captured log call ------------------------------
INFO     httpx:_client.py:1740 HTTP Request: POST http://testserver/api/v1/agent/heartbeat "HTTP/1.1 404 Not Found"
_____________________________ test_login_success ______________________________
tests\test_auth_api.py:69: in test_login_success
    assert response.status_code == 200
E   assert 404 == 200
E    +  where 404 = <Response [404 Not Found]>.status_code
---------------------------- Captured stdout setup ----------------------------
Using proactor: IocpProactor
detected 'bcrypt' backend, version '4.0.1'
'bcrypt' backend lacks $2$ support, enabling workaround
----------------------------- Captured log setup ------------------------------
DEBUG    asyncio:proactor_events.py:633 Using proactor: IocpProactor
DEBUG    passlib.handlers.bcrypt:bcrypt.py:625 detected 'bcrypt' backend, version '4.0.1'
DEBUG    passlib.handlers.bcrypt:bcrypt.py:406 'bcrypt' backend lacks $2$ support, enabling workaround
---------------------------- Captured stdout call -----------------------------
HTTP Request: POST http://testserver/api/v1/auth/login "HTTP/1.1 404 Not Found"
------------------------------ Captured log call ------------------------------
INFO     httpx:_client.py:1740 HTTP Request: POST http://testserver/api/v1/auth/login "HTTP/1.1 404 Not Found"
_______________________ test_login_failure_credentials ________________________
tests\test_auth_api.py:83: in test_login_failure_credentials
    assert response.status_code == 401
E   assert 404 == 401
E    +  where 404 = <Response [404 Not Found]>.status_code
---------------------------- Captured stdout setup ----------------------------
Using proactor: IocpProactor
----------------------------- Captured log setup ------------------------------
DEBUG    asyncio:proactor_events.py:633 Using proactor: IocpProactor
---------------------------- Captured stdout call -----------------------------
HTTP Request: POST http://testserver/api/v1/auth/login "HTTP/1.1 404 Not Found"
------------------------------ Captured log call ------------------------------
INFO     httpx:_client.py:1740 HTTP Request: POST http://testserver/api/v1/auth/login "HTTP/1.1 404 Not Found"
______________________ test_login_failure_disabled_user _______________________
tests\test_auth_api.py:100: in test_login_failure_disabled_user
    assert response.status_code == 400
E   assert 404 == 400
E    +  where 404 = <Response [404 Not Found]>.status_code
---------------------------- Captured stdout setup ----------------------------
Using proactor: IocpProactor
----------------------------- Captured log setup ------------------------------
DEBUG    asyncio:proactor_events.py:633 Using proactor: IocpProactor
---------------------------- Captured stdout call -----------------------------
HTTP Request: POST http://testserver/api/v1/auth/login "HTTP/1.1 404 Not Found"
------------------------------ Captured log call ------------------------------
INFO     httpx:_client.py:1740 HTTP Request: POST http://testserver/api/v1/auth/login "HTTP/1.1 404 Not Found"
_____________________________ test_logout_success _____________________________
tests\test_auth_api.py:110: in test_logout_success
    assert response.status_code == 200
E   assert 404 == 200
E    +  where 404 = <Response [404 Not Found]>.status_code
---------------------------- Captured stdout setup ----------------------------
Using proactor: IocpProactor
----------------------------- Captured log setup ------------------------------
DEBUG    asyncio:proactor_events.py:633 Using proactor: IocpProactor
---------------------------- Captured stdout call -----------------------------
HTTP Request: POST http://testserver/api/v1/auth/logout "HTTP/1.1 404 Not Found"
------------------------------ Captured log call ------------------------------
INFO     httpx:_client.py:1740 HTTP Request: POST http://testserver/api/v1/auth/logout "HTTP/1.1 404 Not Found"
_________________________ test_refresh_token_success __________________________
tests\test_auth_api.py:122: in test_refresh_token_success
    assert response.status_code == 200
E   assert 404 == 200
E    +  where 404 = <Response [404 Not Found]>.status_code
---------------------------- Captured stdout setup ----------------------------
Using proactor: IocpProactor
----------------------------- Captured log setup ------------------------------
DEBUG    asyncio:proactor_events.py:633 Using proactor: IocpProactor
---------------------------- Captured stdout call -----------------------------
HTTP Request: POST http://testserver/api/v1/auth/refresh "HTTP/1.1 404 Not Found"
------------------------------ Captured log call ------------------------------
INFO     httpx:_client.py:1740 HTTP Request: POST http://testserver/api/v1/auth/refresh "HTTP/1.1 404 Not Found"
_____________________ test_refresh_token_failure_invalid ______________________
tests\test_auth_api.py:135: in test_refresh_token_failure_invalid
    assert response.status_code == 401
E   assert 404 == 401
E    +  where 404 = <Response [404 Not Found]>.status_code
---------------------------- Captured stdout setup ----------------------------
Using proactor: IocpProactor
----------------------------- Captured log setup ------------------------------
DEBUG    asyncio:proactor_events.py:633 Using proactor: IocpProactor
---------------------------- Captured stdout call -----------------------------
HTTP Request: POST http://testserver/api/v1/auth/refresh "HTTP/1.1 404 Not Found"
------------------------------ Captured log call ------------------------------
INFO     httpx:_client.py:1740 HTTP Request: POST http://testserver/api/v1/auth/refresh "HTTP/1.1 404 Not Found"
___________________________ test_me_profile_success ___________________________
tests\test_auth_api.py:145: in test_me_profile_success
    assert response.status_code == 200
E   assert 404 == 200
E    +  where 404 = <Response [404 Not Found]>.status_code
---------------------------- Captured stdout setup ----------------------------
Using proactor: IocpProactor
----------------------------- Captured log setup ------------------------------
DEBUG    asyncio:proactor_events.py:633 Using proactor: IocpProactor
---------------------------- Captured stdout call -----------------------------
HTTP Request: GET http://testserver/api/v1/auth/me "HTTP/1.1 404 Not Found"
------------------------------ Captured log call ------------------------------
INFO     httpx:_client.py:1740 HTTP Request: GET http://testserver/api/v1/auth/me "HTTP/1.1 404 Not Found"
________________________ test_me_profile_unauthorized _________________________
tests\test_auth_api.py:155: in test_me_profile_unauthorized
    assert response.status_code == 401
E   assert 404 == 401
E    +  where 404 = <Response [404 Not Found]>.status_code
---------------------------- Captured stdout setup ----------------------------
Using proactor: IocpProactor
----------------------------- Captured log setup ------------------------------
DEBUG    asyncio:proactor_events.py:633 Using proactor: IocpProactor
---------------------------- Captured stdout call -----------------------------
HTTP Request: GET http://testserver/api/v1/auth/me "HTTP/1.1 404 Not Found"
------------------------------ Captured log call ------------------------------
INFO     httpx:_client.py:1740 HTTP Request: GET http://testserver/api/v1/auth/me "HTTP/1.1 404 Not Found"
============================== warnings summary ===============================
app\schemas\security.py:43
  D:\New Start\endpoint-sentinel-x\backend\app\schemas\security.py:43: PydanticDeprecatedSince20: Support for class-based `config` is deprecated, use ConfigDict instead. Deprecated in Pydantic V2.0 to be removed in V3.0. See Pydantic V2 Migration Guide at https://errors.pydantic.dev/2.13/migration/
    class SecurityEventSchema(BaseModel):

-- Docs: https://docs.pytest.org/en/stable/how-to/capture-warnings.html
=========================== short test summary info ===========================
ERROR tests/services/test_dispatcher.py::test_dispatcher_timeout
FAILED tests/test_agent_api.py::test_agent_registration_success - assert 404 ...
FAILED tests/test_agent_api.py::test_agent_registration_expired_token - asser...
FAILED tests/test_agent_api.py::test_agent_registration_exhausted_token - ass...
FAILED tests/test_agent_api.py::test_agent_registration_duplicate_hardware - ...
FAILED tests/test_agent_api.py::test_agent_heartbeat_success - assert 404 == 200
FAILED tests/test_agent_api.py::test_agent_heartbeat_unauthorized - assert 40...
FAILED tests/test_agent_api.py::test_agent_rotate_secret_success - assert 404...
FAILED tests/test_agent_api.py::test_get_agent_config - assert 404 == 200
FAILED tests/test_agent_api.py::test_decommissioned_agent_rejection - assert ...
FAILED tests/test_auth_api.py::test_login_success - assert 404 == 200
FAILED tests/test_auth_api.py::test_login_failure_credentials - assert 404 ==...
FAILED tests/test_auth_api.py::test_login_failure_disabled_user - assert 404 ...
FAILED tests/test_auth_api.py::test_logout_success - assert 404 == 200
FAILED tests/test_auth_api.py::test_refresh_token_success - assert 404 == 200
FAILED tests/test_auth_api.py::test_refresh_token_failure_invalid - assert 40...
FAILED tests/test_auth_api.py::test_me_profile_success - assert 404 == 200
FAILED tests/test_auth_api.py::test_me_profile_unauthorized - assert 404 == 401
17 failed, 21 passed, 1 warning, 1 error in 79.15s (0:01:19)
